// Jest Snapshot v1, https://goo.gl/fbAQLP

exports[`should render 1`] = `
<table>
  <thead>
    <tr>
      <th />
      <th>
        Title
      </th>
      <th>
        Author
      </th>
      <th>
        Category
      </th>
    </tr>
  </thead>
  <tbody>
    <tr>
      <td>
        <button
          onClick={[Function]}
        >
          Delete
        </button>
      </td>
      <td>
        <a
          href="/course/react-auth0-authentication-security"
          onClick={[Function]}
        >
          Securing React Apps with Auth0
        </a>
      </td>
      <td>
        1
      </td>
      <td>
        JavaScript
      </td>
    </tr>
    <tr>
      <td>
        <button
          onClick={[Function]}
        >
          Delete
        </button>
      </td>
      <td>
        <a
          href="/course/react-big-picture"
          onClick={[Function]}
        >
          React: The Big Picture
        </a>
      </td>
      <td>
        1
      </td>
      <td>
        JavaScript
      </td>
    </tr>
    <tr>
      <td>
        <button
          onClick={[Function]}
        >
          Delete
        </button>
      </td>
      <td>
        <a
          href="/course/react-creating-reusable-components"
          onClick={[Function]}
        >
          Creating Reusable React Components
        </a>
      </td>
      <td>
        1
      </td>
      <td>
        JavaScript
      </td>
    </tr>
    <tr>
      <td>
        <button
          onClick={[Function]}
        >
          Delete
        </button>
      </td>
      <td>
        <a
          href="/course/javascript-development-environment"
          onClick={[Function]}
        >
          Building a JavaScript Development Environment
        </a>
      </td>
      <td>
        1
      </td>
      <td>
        JavaScript
      </td>
    </tr>
    <tr>
      <td>
        <button
          onClick={[Function]}
        >
          Delete
        </button>
      </td>
      <td>
        <a
          href="/course/react-redux-react-router-es6"
          onClick={[Function]}
        >
          Building Applications with React and Redux
        </a>
      </td>
      <td>
        1
      </td>
      <td>
        JavaScript
      </td>
    </tr>
    <tr>
      <td>
        <button
          onClick={[Function]}
        >
          Delete
        </button>
      </td>
      <td>
        <a
          href="/course/react-flux-building-applications"
          onClick={[Function]}
        >
          Building Applications in React and Flux
        </a>
      </td>
      <td>
        1
      </td>
      <td>
        JavaScript
      </td>
    </tr>
    <tr>
      <td>
        <button
          onClick={[Function]}
        >
          Delete
        </button>
      </td>
      <td>
        <a
          href="/course/writing-clean-code-humans"
          onClick={[Function]}
        >
          Clean Code: Writing Code for Humans
        </a>
      </td>
      <td>
        1
      </td>
      <td>
        Software Practices
      </td>
    </tr>
    <tr>
      <td>
        <button
          onClick={[Function]}
        >
          Delete
        </button>
      </td>
      <td>
        <a
          href="/course/architecting-applications-dotnet"
          onClick={[Function]}
        >
          Architecting Applications for the Real World
        </a>
      </td>
      <td>
        1
      </td>
      <td>
        Software Architecture
      </td>
    </tr>
    <tr>
      <td>
        <button
          onClick={[Function]}
        >
          Delete
        </button>
      </td>
      <td>
        <a
          href="/course/career-reboot-for-developer-mind"
          onClick={[Function]}
        >
          Becoming an Outlier: Reprogramming the Developer Mind
        </a>
      </td>
      <td>
        1
      </td>
      <td>
        Career
      </td>
    </tr>
    <tr>
      <td>
        <button
          onClick={[Function]}
        >
          Delete
        </button>
      </td>
      <td>
        <a
          href="/course/web-components-shadow-dom"
          onClick={[Function]}
        >
          Web Component Fundamentals
        </a>
      </td>
      <td>
        1
      </td>
      <td>
        HTML5
      </td>
    </tr>
  </tbody>
</table>
`;

exports[`should render courses when passed courses 1`] = `
<table>
  <thead>
    <tr>
      <th />
      <th>
        Title
      </th>
      <th>
        Author
      </th>
      <th>
        Category
      </th>
    </tr>
  </thead>
  <tbody>
    <tr>
      <td>
        <button
          onClick={[Function]}
        >
          Delete
        </button>
      </td>
      <td>
        <a
          href="/course/react-auth0-authentication-security"
          onClick={[Function]}
        >
          Securing React Apps with Auth0
        </a>
      </td>
      <td>
        1
      </td>
      <td>
        JavaScript
      </td>
    </tr>
    <tr>
      <td>
        <button
          onClick={[Function]}
        >
          Delete
        </button>
      </td>
      <td>
        <a
          href="/course/react-big-picture"
          onClick={[Function]}
        >
          React: The Big Picture
        </a>
      </td>
      <td>
        1
      </td>
      <td>
        JavaScript
      </td>
    </tr>
    <tr>
      <td>
        <button
          onClick={[Function]}
        >
          Delete
        </button>
      </td>
      <td>
        <a
          href="/course/react-creating-reusable-components"
          onClick={[Function]}
        >
          Creating Reusable React Components
        </a>
      </td>
      <td>
        1
      </td>
      <td>
        JavaScript
      </td>
    </tr>
    <tr>
      <td>
        <button
          onClick={[Function]}
        >
          Delete
        </button>
      </td>
      <td>
        <a
          href="/course/javascript-development-environment"
          onClick={[Function]}
        >
          Building a JavaScript Development Environment
        </a>
      </td>
      <td>
        1
      </td>
      <td>
        JavaScript
      </td>
    </tr>
    <tr>
      <td>
        <button
          onClick={[Function]}
        >
          Delete
        </button>
      </td>
      <td>
        <a
          href="/course/react-redux-react-router-es6"
          onClick={[Function]}
        >
          Building Applications with React and Redux
        </a>
      </td>
      <td>
        1
      </td>
      <td>
        JavaScript
      </td>
    </tr>
    <tr>
      <td>
        <button
          onClick={[Function]}
        >
          Delete
        </button>
      </td>
      <td>
        <a
          href="/course/react-flux-building-applications"
          onClick={[Function]}
        >
          Building Applications in React and Flux
        </a>
      </td>
      <td>
        1
      </td>
      <td>
        JavaScript
      </td>
    </tr>
    <tr>
      <td>
        <button
          onClick={[Function]}
        >
          Delete
        </button>
      </td>
      <td>
        <a
          href="/course/writing-clean-code-humans"
          onClick={[Function]}
        >
          Clean Code: Writing Code for Humans
        </a>
      </td>
      <td>
        1
      </td>
      <td>
        Software Practices
      </td>
    </tr>
    <tr>
      <td>
        <button
          onClick={[Function]}
        >
          Delete
        </button>
      </td>
      <td>
        <a
          href="/course/architecting-applications-dotnet"
          onClick={[Function]}
        >
          Architecting Applications for the Real World
        </a>
      </td>
      <td>
        1
      </td>
      <td>
        Software Architecture
      </td>
    </tr>
    <tr>
      <td>
        <button
          onClick={[Function]}
        >
          Delete
        </button>
      </td>
      <td>
        <a
          href="/course/career-reboot-for-developer-mind"
          onClick={[Function]}
        >
          Becoming an Outlier: Reprogramming the Developer Mind
        </a>
      </td>
      <td>
        1
      </td>
      <td>
        Career
      </td>
    </tr>
    <tr>
      <td>
        <button
          onClick={[Function]}
        >
          Delete
        </button>
      </td>
      <td>
        <a
          href="/course/web-components-shadow-dom"
          onClick={[Function]}
        >
          Web Component Fundamentals
        </a>
      </td>
      <td>
        1
      </td>
      <td>
        HTML5
      </td>
    </tr>
  </tbody>
</table>
`;

exports[`should render no courses message when passed no courses 1`] = `
<p>
  No courses.
</p>
`;
